[0.012s] Invoking command in '/home/noa/Documents/SLAM/ros2_ws/build/tutorial_interfaces': PS1=\u@\h \[\033[32m\]\w\[\033[33m\]$(parse_git_branch)\[\033[00m\] $ /usr/bin/cmake /home/noa/Documents/SLAM/ros2_ws/tutorial_interfaces -DCMAKE_INSTALL_PREFIX=/home/noa/Documents/SLAM/ros2_ws/install/tutorial_interfaces
[0.049s] -- The C compiler identification is GNU 9.4.0
[0.089s] -- The CXX compiler identification is GNU 9.4.0
[0.092s] -- Check for working C compiler: /usr/bin/cc
[0.144s] -- Check for working C compiler: /usr/bin/cc -- works
[0.144s] -- Detecting C compiler ABI info
[0.193s] -- Detecting C compiler ABI info - done
[0.202s] -- Detecting C compile features
[0.202s] -- Detecting C compile features - done
[0.204s] -- Check for working CXX compiler: /usr/bin/c++
[0.261s] -- Check for working CXX compiler: /usr/bin/c++ -- works
[0.262s] -- Detecting CXX compiler ABI info
[0.320s] -- Detecting CXX compiler ABI info - done
[0.337s] -- Detecting CXX compile features
[0.337s] -- Detecting CXX compile features - done
[0.344s] -- Found ament_cmake: 0.9.9 (/opt/ros/foxy/share/ament_cmake/cmake)
[0.362s] -- Found PythonInterp: /usr/bin/python3 (found suitable version "3.8.10", minimum required is "3") 
[0.362s] -- Using PYTHON_EXECUTABLE: /usr/bin/python3
[0.527s] -- Found ament_lint_auto: 0.9.6 (/opt/ros/foxy/share/ament_lint_auto/cmake)
[0.573s] Error parsing '/home/noa/Documents/SLAM/ros2_ws/tutorial_interfaces/package.xml':
[0.660s] Traceback (most recent call last):
[0.660s]   File "/usr/lib/python3/dist-packages/catkin_pkg/package.py", line 610, in parse_package_string
[0.660s]     root = dom.parseString(data)
[0.660s]   File "/usr/lib/python3.8/xml/dom/minidom.py", line 1969, in parseString
[0.661s]     return expatbuilder.parseString(string)
[0.661s]   File "/usr/lib/python3.8/xml/dom/expatbuilder.py", line 925, in parseString
[0.661s]     return builder.parseString(string)
[0.661s]   File "/usr/lib/python3.8/xml/dom/expatbuilder.py", line 223, in parseString
[0.661s]     parser.Parse(string, True)
[0.661s] xml.parsers.expat.ExpatError: mismatched tag: line 13, column 47
[0.661s] 
[0.661s] During handling of the above exception, another exception occurred:
[0.661s] 
[0.661s] Traceback (most recent call last):
[0.661s]   File "/opt/ros/foxy/share/ament_cmake_core/cmake/core/package_xml_2_cmake.py", line 143, in <module>
[0.661s]     main()
[0.661s]   File "/opt/ros/foxy/share/ament_cmake_core/cmake/core/package_xml_2_cmake.py", line 52, in main
[0.661s]     raise e
[0.661s]   File "/opt/ros/foxy/share/ament_cmake_core/cmake/core/package_xml_2_cmake.py", line 48, in main
[0.661s]     package = parse_package_string(
[0.661s]   File "/usr/lib/python3/dist-packages/catkin_pkg/package.py", line 612, in parse_package_string
[0.661s]     raise InvalidPackage('The manifest contains invalid XML:\n%s' % ex, filename)
[0.661s] catkin_pkg.package.InvalidPackage: Error(s) in package '/home/noa/Documents/SLAM/ros2_ws/tutorial_interfaces/package.xml':
[0.661s] The manifest contains invalid XML:
[0.662s] mismatched tag: line 13, column 47
[0.678s] CMake Error at /opt/ros/foxy/share/ament_cmake_core/cmake/core/ament_package_xml.cmake:94 (message):
[0.678s]   execute_process(/usr/bin/python3
[0.678s]   /opt/ros/foxy/share/ament_cmake_core/cmake/core/package_xml_2_cmake.py
[0.678s]   /home/noa/Documents/SLAM/ros2_ws/tutorial_interfaces/package.xml
[0.678s]   /home/noa/Documents/SLAM/ros2_ws/build/tutorial_interfaces/ament_cmake_core/package.cmake)
[0.678s]   returned error code 1
[0.678s] Call Stack (most recent call first):
[0.678s]   /opt/ros/foxy/share/ament_cmake_core/cmake/core/ament_package_xml.cmake:49 (_ament_package_xml)
[0.678s]   /opt/ros/foxy/share/ament_lint_auto/cmake/ament_lint_auto_find_test_dependencies.cmake:31 (ament_package_xml)
[0.678s]   CMakeLists.txt:32 (ament_lint_auto_find_test_dependencies)
[0.678s] 
[0.678s] 
[0.679s] -- Configuring incomplete, errors occurred!
[0.679s] See also "/home/noa/Documents/SLAM/ros2_ws/build/tutorial_interfaces/CMakeFiles/CMakeOutput.log".
[0.681s] Invoked command in '/home/noa/Documents/SLAM/ros2_ws/build/tutorial_interfaces' returned '1': PS1=\u@\h \[\033[32m\]\w\[\033[33m\]$(parse_git_branch)\[\033[00m\] $ /usr/bin/cmake /home/noa/Documents/SLAM/ros2_ws/tutorial_interfaces -DCMAKE_INSTALL_PREFIX=/home/noa/Documents/SLAM/ros2_ws/install/tutorial_interfaces
