[0.000000] (-) TimerEvent: {}
[0.000358] (-) JobUnselected: {'identifier': 'cpp_pubsub'}
[0.000636] (-) JobUnselected: {'identifier': 'sllidar_ros2'}
[0.000689] (tutorial_interfaces) JobQueued: {'identifier': 'tutorial_interfaces', 'dependencies': OrderedDict()}
[0.000712] (tutorial_interfaces) JobStarted: {'identifier': 'tutorial_interfaces'}
[0.008500] (tutorial_interfaces) JobProgress: {'identifier': 'tutorial_interfaces', 'progress': 'cmake'}
[0.008833] (tutorial_interfaces) Command: {'cmd': ['/usr/bin/cmake', '/home/noa/Documents/SLAM/ros2_ws/tutorial_interfaces', '-DCMAKE_INSTALL_PREFIX=/home/noa/Documents/SLAM/ros2_ws/install/tutorial_interfaces'], 'cwd': '/home/noa/Documents/SLAM/ros2_ws/build/tutorial_interfaces', 'env': OrderedDict([('LESSOPEN', '| /usr/bin/lesspipe %s'), ('USER', 'noa'), ('LC_TIME', 'sv_SE.UTF-8'), ('SSH_AGENT_PID', '1383'), ('XDG_SESSION_TYPE', 'x11'), ('SHLVL', '1'), ('LD_LIBRARY_PATH', '/opt/ros/foxy/opt/yaml_cpp_vendor/lib:/opt/ros/foxy/opt/rviz_ogre_vendor/lib:/opt/ros/foxy/lib/x86_64-linux-gnu:/opt/ros/foxy/lib'), ('HOME', '/home/noa'), ('CONDA_SHLVL', '0'), ('OLDPWD', '/home/noa/Documents/SLAM/ros2_ws/tutorial_interfaces'), ('DESKTOP_SESSION', 'ubuntu'), ('ROS_PYTHON_VERSION', '3'), ('GNOME_SHELL_SESSION_MODE', 'ubuntu'), ('GTK_MODULES', 'gail:atk-bridge'), ('PS1', '\\u@\\h \\[\\033[32m\\]\\w\\[\\033[33m\\]$(parse_git_branch)\\[\\033[00m\\] $'), ('LC_MONETARY', 'sv_SE.UTF-8'), ('MANAGERPID', '1182'), ('DBUS_SESSION_BUS_ADDRESS', 'unix:path=/run/user/1000/bus'), ('COLORTERM', 'truecolor'), ('_CE_M', ''), ('IM_CONFIG_PHASE', '1'), ('COLCON_PREFIX_PATH', '/home/noa/Documents/SLAM/ros2_ws/install'), ('ROS_DISTRO', 'foxy'), ('LOGNAME', 'noa'), ('JOURNAL_STREAM', '8:39385'), ('_', '/usr/bin/colcon'), ('ROS_VERSION', '2'), ('XDG_SESSION_CLASS', 'user'), ('USERNAME', 'noa'), ('TERM', 'xterm-256color'), ('GNOME_DESKTOP_SESSION_ID', 'this-is-deprecated'), ('_CE_CONDA', ''), ('ROS_LOCALHOST_ONLY', '0'), ('WINDOWPATH', '2'), ('PATH', '/home/noa/anaconda3/condabin:/opt/ros/foxy/bin:/home/noa/.local/bin:/usr/local/sbin:/usr/local/bin:/usr/sbin:/usr/bin:/sbin:/bin:/usr/games:/usr/local/games:/snap/bin'), ('SESSION_MANAGER', 'local/Noa:@/tmp/.ICE-unix/1420,unix/Noa:/tmp/.ICE-unix/1420'), ('INVOCATION_ID', '1060596fa5d84418bb8120634c02ab47'), ('XDG_MENU_PREFIX', 'gnome-'), ('LC_ADDRESS', 'sv_SE.UTF-8'), ('GNOME_TERMINAL_SCREEN', '/org/gnome/Terminal/screen/356ff944_7468_4a82_a10e_e9ebc833ef1e'), ('XDG_RUNTIME_DIR', '/run/user/1000'), ('DISPLAY', ':0'), ('LANG', 'en_US.UTF-8'), ('XDG_CURRENT_DESKTOP', 'ubuntu:GNOME'), ('LC_TELEPHONE', 'sv_SE.UTF-8'), ('XMODIFIERS', '@im=ibus'), ('XDG_SESSION_DESKTOP', 'ubuntu'), ('XAUTHORITY', '/run/user/1000/gdm/Xauthority'), ('LS_COLORS', 'rs=0:di=01;34:ln=01;36:mh=00:pi=40;33:so=01;35:do=01;35:bd=40;33;01:cd=40;33;01:or=40;31;01:mi=00:su=37;41:sg=30;43:ca=30;41:tw=30;42:ow=34;42:st=37;44:ex=01;32:*.tar=01;31:*.tgz=01;31:*.arc=01;31:*.arj=01;31:*.taz=01;31:*.lha=01;31:*.lz4=01;31:*.lzh=01;31:*.lzma=01;31:*.tlz=01;31:*.txz=01;31:*.tzo=01;31:*.t7z=01;31:*.zip=01;31:*.z=01;31:*.dz=01;31:*.gz=01;31:*.lrz=01;31:*.lz=01;31:*.lzo=01;31:*.xz=01;31:*.zst=01;31:*.tzst=01;31:*.bz2=01;31:*.bz=01;31:*.tbz=01;31:*.tbz2=01;31:*.tz=01;31:*.deb=01;31:*.rpm=01;31:*.jar=01;31:*.war=01;31:*.ear=01;31:*.sar=01;31:*.rar=01;31:*.alz=01;31:*.ace=01;31:*.zoo=01;31:*.cpio=01;31:*.7z=01;31:*.rz=01;31:*.cab=01;31:*.wim=01;31:*.swm=01;31:*.dwm=01;31:*.esd=01;31:*.jpg=01;35:*.jpeg=01;35:*.mjpg=01;35:*.mjpeg=01;35:*.gif=01;35:*.bmp=01;35:*.pbm=01;35:*.pgm=01;35:*.ppm=01;35:*.tga=01;35:*.xbm=01;35:*.xpm=01;35:*.tif=01;35:*.tiff=01;35:*.png=01;35:*.svg=01;35:*.svgz=01;35:*.mng=01;35:*.pcx=01;35:*.mov=01;35:*.mpg=01;35:*.mpeg=01;35:*.m2v=01;35:*.mkv=01;35:*.webm=01;35:*.ogm=01;35:*.mp4=01;35:*.m4v=01;35:*.mp4v=01;35:*.vob=01;35:*.qt=01;35:*.nuv=01;35:*.wmv=01;35:*.asf=01;35:*.rm=01;35:*.rmvb=01;35:*.flc=01;35:*.avi=01;35:*.fli=01;35:*.flv=01;35:*.gl=01;35:*.dl=01;35:*.xcf=01;35:*.xwd=01;35:*.yuv=01;35:*.cgm=01;35:*.emf=01;35:*.ogv=01;35:*.ogx=01;35:*.aac=00;36:*.au=00;36:*.flac=00;36:*.m4a=00;36:*.mid=00;36:*.midi=00;36:*.mka=00;36:*.mp3=00;36:*.mpc=00;36:*.ogg=00;36:*.ra=00;36:*.wav=00;36:*.oga=00;36:*.opus=00;36:*.spx=00;36:*.xspf=00;36:'), ('GNOME_TERMINAL_SERVICE', ':1.86'), ('SSH_AUTH_SOCK', '/run/user/1000/keyring/ssh'), ('AMENT_PREFIX_PATH', '/home/noa/Documents/SLAM/ros2_ws/install/sllidar_ros2:/home/noa/Documents/SLAM/ros2_ws/install/cpp_pubsub:/opt/ros/foxy'), ('CONDA_PYTHON_EXE', '/home/noa/anaconda3/bin/python'), ('SHELL', '/bin/bash'), ('LC_NAME', 'sv_SE.UTF-8'), ('QT_ACCESSIBILITY', '1'), ('GDMSESSION', 'ubuntu'), ('LESSCLOSE', '/usr/bin/lesspipe %s %s'), ('LC_MEASUREMENT', 'sv_SE.UTF-8'), ('GPG_AGENT_INFO', '/run/user/1000/gnupg/S.gpg-agent:0:1'), ('LC_IDENTIFICATION', 'sv_SE.UTF-8'), ('QT_IM_MODULE', 'ibus'), ('PWD', '/home/noa/Documents/SLAM/ros2_ws/build/tutorial_interfaces'), ('LC_ALL', 'en_US.UTF-8'), ('XDG_CONFIG_DIRS', '/etc/xdg/xdg-ubuntu:/etc/xdg'), ('CONDA_EXE', '/home/noa/anaconda3/bin/conda'), ('XDG_DATA_DIRS', '/usr/share/ubuntu:/usr/local/share/:/usr/share/:/var/lib/snapd/desktop'), ('PYTHONPATH', '/opt/ros/foxy/lib/python3.8/site-packages'), ('LC_NUMERIC', 'sv_SE.UTF-8'), ('LC_PAPER', 'sv_SE.UTF-8'), ('COLCON', '1'), ('VTE_VERSION', '6003'), ('CMAKE_PREFIX_PATH', '/home/noa/Documents/SLAM/ros2_ws/install/sllidar_ros2:/home/noa/Documents/SLAM/ros2_ws/install/cpp_pubsub')]), 'shell': False}
[0.050051] (tutorial_interfaces) StdoutLine: {'line': b'-- The C compiler identification is GNU 9.4.0\n'}
[0.089639] (tutorial_interfaces) StdoutLine: {'line': b'-- The CXX compiler identification is GNU 9.4.0\n'}
[0.092990] (tutorial_interfaces) StdoutLine: {'line': b'-- Check for working C compiler: /usr/bin/cc\n'}
[0.099816] (-) TimerEvent: {}
[0.144503] (tutorial_interfaces) StdoutLine: {'line': b'-- Check for working C compiler: /usr/bin/cc -- works\n'}
[0.145130] (tutorial_interfaces) StdoutLine: {'line': b'-- Detecting C compiler ABI info\n'}
[0.194051] (tutorial_interfaces) StdoutLine: {'line': b'-- Detecting C compiler ABI info - done\n'}
[0.199893] (-) TimerEvent: {}
[0.202676] (tutorial_interfaces) StdoutLine: {'line': b'-- Detecting C compile features\n'}
[0.202947] (tutorial_interfaces) StdoutLine: {'line': b'-- Detecting C compile features - done\n'}
[0.204710] (tutorial_interfaces) StdoutLine: {'line': b'-- Check for working CXX compiler: /usr/bin/c++\n'}
[0.261337] (tutorial_interfaces) StdoutLine: {'line': b'-- Check for working CXX compiler: /usr/bin/c++ -- works\n'}
[0.262219] (tutorial_interfaces) StdoutLine: {'line': b'-- Detecting CXX compiler ABI info\n'}
[0.300004] (-) TimerEvent: {}
[0.320674] (tutorial_interfaces) StdoutLine: {'line': b'-- Detecting CXX compiler ABI info - done\n'}
[0.337170] (tutorial_interfaces) StdoutLine: {'line': b'-- Detecting CXX compile features\n'}
[0.337810] (tutorial_interfaces) StdoutLine: {'line': b'-- Detecting CXX compile features - done\n'}
[0.344281] (tutorial_interfaces) StdoutLine: {'line': b'-- Found ament_cmake: 0.9.9 (/opt/ros/foxy/share/ament_cmake/cmake)\n'}
[0.362751] (tutorial_interfaces) StdoutLine: {'line': b'-- Found PythonInterp: /usr/bin/python3 (found suitable version "3.8.10", minimum required is "3") \n'}
[0.362920] (tutorial_interfaces) StdoutLine: {'line': b'-- Using PYTHON_EXECUTABLE: /usr/bin/python3\n'}
[0.400091] (-) TimerEvent: {}
[0.500351] (-) TimerEvent: {}
[0.527819] (tutorial_interfaces) StdoutLine: {'line': b'-- Found ament_lint_auto: 0.9.6 (/opt/ros/foxy/share/ament_lint_auto/cmake)\n'}
[0.573151] (tutorial_interfaces) StderrLine: {'line': b"Error parsing '/home/noa/Documents/SLAM/ros2_ws/tutorial_interfaces/package.xml':\n"}
[0.600447] (-) TimerEvent: {}
[0.660924] (tutorial_interfaces) StderrLine: {'line': b'Traceback (most recent call last):\n'}
[0.661061] (tutorial_interfaces) StderrLine: {'line': b'  File "/usr/lib/python3/dist-packages/catkin_pkg/package.py", line 610, in parse_package_string\n'}
[0.661119] (tutorial_interfaces) StderrLine: {'line': b'    root = dom.parseString(data)\n'}
[0.661170] (tutorial_interfaces) StderrLine: {'line': b'  File "/usr/lib/python3.8/xml/dom/minidom.py", line 1969, in parseString\n'}
[0.661233] (tutorial_interfaces) StderrLine: {'line': b'    return expatbuilder.parseString(string)\n'}
[0.661284] (tutorial_interfaces) StderrLine: {'line': b'  File "/usr/lib/python3.8/xml/dom/expatbuilder.py", line 925, in parseString\n'}
[0.661335] (tutorial_interfaces) StderrLine: {'line': b'    return builder.parseString(string)\n'}
[0.661385] (tutorial_interfaces) StderrLine: {'line': b'  File "/usr/lib/python3.8/xml/dom/expatbuilder.py", line 223, in parseString\n'}
[0.661435] (tutorial_interfaces) StderrLine: {'line': b'    parser.Parse(string, True)\n'}
[0.661494] (tutorial_interfaces) StderrLine: {'line': b'xml.parsers.expat.ExpatError: mismatched tag: line 13, column 47\n'}
[0.661546] (tutorial_interfaces) StderrLine: {'line': b'\n'}
[0.661595] (tutorial_interfaces) StderrLine: {'line': b'During handling of the above exception, another exception occurred:\n'}
[0.661645] (tutorial_interfaces) StderrLine: {'line': b'\n'}
[0.661694] (tutorial_interfaces) StderrLine: {'line': b'Traceback (most recent call last):\n'}
[0.661743] (tutorial_interfaces) StderrLine: {'line': b'  File "/opt/ros/foxy/share/ament_cmake_core/cmake/core/package_xml_2_cmake.py", line 143, in <module>\n'}
[0.661793] (tutorial_interfaces) StderrLine: {'line': b'    main()\n'}
[0.661842] (tutorial_interfaces) StderrLine: {'line': b'  File "/opt/ros/foxy/share/ament_cmake_core/cmake/core/package_xml_2_cmake.py", line 52, in main\n'}
[0.661891] (tutorial_interfaces) StderrLine: {'line': b'    raise e\n'}
[0.661939] (tutorial_interfaces) StderrLine: {'line': b'  File "/opt/ros/foxy/share/ament_cmake_core/cmake/core/package_xml_2_cmake.py", line 48, in main\n'}
[0.661988] (tutorial_interfaces) StderrLine: {'line': b'    package = parse_package_string(\n'}
[0.662036] (tutorial_interfaces) StderrLine: {'line': b'  File "/usr/lib/python3/dist-packages/catkin_pkg/package.py", line 612, in parse_package_string\n'}
[0.662085] (tutorial_interfaces) StderrLine: {'line': b"    raise InvalidPackage('The manifest contains invalid XML:\\n%s' % ex, filename)\n"}
[0.662135] (tutorial_interfaces) StderrLine: {'line': b"catkin_pkg.package.InvalidPackage: Error(s) in package '/home/noa/Documents/SLAM/ros2_ws/tutorial_interfaces/package.xml':\n"}
[0.662186] (tutorial_interfaces) StderrLine: {'line': b'The manifest contains invalid XML:\n'}
[0.662235] (tutorial_interfaces) StderrLine: {'line': b'mismatched tag: line 13, column 47\n'}
[0.678427] (tutorial_interfaces) StderrLine: {'line': b'CMake Error at /opt/ros/foxy/share/ament_cmake_core/cmake/core/ament_package_xml.cmake:94 (message):\n'}
[0.678568] (tutorial_interfaces) StderrLine: {'line': b'  execute_process(/usr/bin/python3\n'}
[0.678627] (tutorial_interfaces) StderrLine: {'line': b'  /opt/ros/foxy/share/ament_cmake_core/cmake/core/package_xml_2_cmake.py\n'}
[0.678681] (tutorial_interfaces) StderrLine: {'line': b'  /home/noa/Documents/SLAM/ros2_ws/tutorial_interfaces/package.xml\n'}
[0.678733] (tutorial_interfaces) StderrLine: {'line': b'  /home/noa/Documents/SLAM/ros2_ws/build/tutorial_interfaces/ament_cmake_core/package.cmake)\n'}
[0.678784] (tutorial_interfaces) StderrLine: {'line': b'  returned error code 1\n'}
[0.678833] (tutorial_interfaces) StderrLine: {'line': b'Call Stack (most recent call first):\n'}
[0.678882] (tutorial_interfaces) StderrLine: {'line': b'  /opt/ros/foxy/share/ament_cmake_core/cmake/core/ament_package_xml.cmake:49 (_ament_package_xml)\n'}
[0.678931] (tutorial_interfaces) StderrLine: {'line': b'  /opt/ros/foxy/share/ament_lint_auto/cmake/ament_lint_auto_find_test_dependencies.cmake:31 (ament_package_xml)\n'}
[0.678984] (tutorial_interfaces) StderrLine: {'line': b'  CMakeLists.txt:32 (ament_lint_auto_find_test_dependencies)\n'}
[0.679033] (tutorial_interfaces) StderrLine: {'line': b'\n'}
[0.679082] (tutorial_interfaces) StderrLine: {'line': b'\n'}
[0.679204] (tutorial_interfaces) StdoutLine: {'line': b'-- Configuring incomplete, errors occurred!\n'}
[0.679289] (tutorial_interfaces) StdoutLine: {'line': b'See also "/home/noa/Documents/SLAM/ros2_ws/build/tutorial_interfaces/CMakeFiles/CMakeOutput.log".\n'}
[0.681832] (tutorial_interfaces) CommandEnded: {'returncode': 1}
[0.682364] (tutorial_interfaces) JobEnded: {'identifier': 'tutorial_interfaces', 'rc': 1}
[0.692750] (-) EventReactorShutdown: {}
